I'm sorry, but errors were detected in your script. Please correct the
errors listed below, and try again.


File "game/screens.rpy", line 2144: 'layout' is not a keyword argument or valid child of the screen statement.
    layout "nowrap"
          ^

Ren'Py Version: Ren'Py 8.1.3.23091805
Sat Jan  6 13:48:36 2024
